j 6
int 5
la 1, 0
lv 0, 4
st
ep
int 5
int 4
lc 12
dct 5
call 0, 1
hlt
